
> onyeakuko@0.1.0 build
> next build

node.exe : node:intern
al/modules/cjs/loader:
1368
At line:1 char:1
+ & "C:\Program Files\
nodejs/node.exe" "C:\U
sers\danie\AppData\Roa
ming\ ...
+ ~~~~~~~~~~~~~~~~~~~~
~~~~~~~~~~~~~~~~~~~~~~
~~~~~~~~~~~~~~~~~~~~~~
~~~~~
    + CategoryInfo    
          : NotSpeci  
  fied: (node:inter   
 nal/modules/cjs/l    
oader:1368:String    
) [], RemoteExcep    
tion
    + FullyQualifiedE 
   rrorId : NativeCo  
  mmandError
 
  throw err;
  ^

Error: Cannot find 
module 'C:\Users\danie
\Downloads\OnyeAkuko\n
ode_modules\next\dist\
bin\next'
    at Function._resol
veFilename (node:inter
nal/modules/cjs/loader
:1365:15)
    at 
defaultResolveImpl (no
de:internal/modules/cj
s/loader:1021:19)
    at resolveForCJSWi
thHooks (node:internal
/modules/cjs/loader:10
26:22)
    at Function._load 
(node:internal/modules
/cjs/loader:1175:37)
    at TracingChannel.
traceSync (node:diagno
stics_channel:322:14)
    at wrapModuleLoad 
(node:internal/modules
/cjs/loader:235:24)
    at Function.execut
eUserEntryPoint [as 
runMain] (node:interna
l/modules/run_main:171
:5)
    at node:internal/m
ain/run_main_module:36
:49 {
  code: 
'MODULE_NOT_FOUND',
  requireStack: []
}

Node.js v22.18.0
